// Jest Snapshot v1, https://goo.gl/fbAQLP

exports[`BookingForm renders properly 1`] = `
Array [
  <form
    autoComplete="off"
    className="form"
    id="booking-form"
    onSubmit={[Function]}
  >
    <div
      className="inputContainer"
    >
      <div
        className="container"
      >
        <p
          className="title"
        >
          Start Date
          <span
            className="asterisk"
          >
             *
          </span>
        </p>
        <div
          className="MuiFormControl-root MuiTextField-root MuiFormControl-fullWidth"
        >
          <div
            className="MuiInputBase-root MuiOutlinedInput-root Mui-error Mui-error MuiInputBase-fullWidth MuiInputBase-formControl"
            onClick={[Function]}
          >
            <input
              aria-invalid={true}
              autoFocus={false}
              className="MuiInputBase-input MuiOutlinedInput-input"
              disabled={false}
              onAnimationStart={[Function]}
              onBlur={[Function]}
              onChange={[Function]}
              onFocus={[Function]}
              required={true}
              type="date"
              value=""
            />
            <fieldset
              aria-hidden={true}
              className="PrivateNotchedOutline-root-1 MuiOutlinedInput-notchedOutline"
              style={
                Object {
                  "paddingLeft": 8,
                }
              }
            >
              <legend
                className="PrivateNotchedOutline-legend-2"
                style={
                  Object {
                    "width": 0.01,
                  }
                }
              >
                <span
                  dangerouslySetInnerHTML={
                    Object {
                      "__html": "&#8203;",
                    }
                  }
                />
              </legend>
            </fieldset>
          </div>
          <p
            className="MuiFormHelperText-root MuiFormHelperText-contained Mui-error Mui-required"
          >
            Start time must be after current time
          </p>
        </div>
      </div>
      <div
        className="container"
      >
        <p
          className="title"
        >
          Start Time
          <span
            className="asterisk"
          >
             *
          </span>
        </p>
        <div
          className="MuiFormControl-root MuiTextField-root MuiFormControl-fullWidth"
        >
          <div
            className="MuiInputBase-root MuiOutlinedInput-root Mui-error Mui-error MuiInputBase-fullWidth MuiInputBase-formControl"
            onClick={[Function]}
          >
            <input
              aria-invalid={true}
              autoFocus={false}
              className="MuiInputBase-input MuiOutlinedInput-input"
              disabled={false}
              onAnimationStart={[Function]}
              onBlur={[Function]}
              onChange={[Function]}
              onFocus={[Function]}
              required={true}
              type="time"
              value=""
            />
            <fieldset
              aria-hidden={true}
              className="PrivateNotchedOutline-root-1 MuiOutlinedInput-notchedOutline"
              style={
                Object {
                  "paddingLeft": 8,
                }
              }
            >
              <legend
                className="PrivateNotchedOutline-legend-2"
                style={
                  Object {
                    "width": 0.01,
                  }
                }
              >
                <span
                  dangerouslySetInnerHTML={
                    Object {
                      "__html": "&#8203;",
                    }
                  }
                />
              </legend>
            </fieldset>
          </div>
        </div>
      </div>
    </div>
    <div
      className="inputContainer"
    >
      <div
        className="container"
      >
        <p
          className="title"
        >
          End Date
          <span
            className="asterisk"
          >
             *
          </span>
        </p>
        <div
          className="MuiFormControl-root MuiTextField-root MuiFormControl-fullWidth"
        >
          <div
            className="MuiInputBase-root MuiOutlinedInput-root Mui-error Mui-error MuiInputBase-fullWidth MuiInputBase-formControl"
            onClick={[Function]}
          >
            <input
              aria-invalid={true}
              autoFocus={false}
              className="MuiInputBase-input MuiOutlinedInput-input"
              disabled={false}
              onAnimationStart={[Function]}
              onBlur={[Function]}
              onChange={[Function]}
              onFocus={[Function]}
              required={true}
              type="date"
              value=""
            />
            <fieldset
              aria-hidden={true}
              className="PrivateNotchedOutline-root-1 MuiOutlinedInput-notchedOutline"
              style={
                Object {
                  "paddingLeft": 8,
                }
              }
            >
              <legend
                className="PrivateNotchedOutline-legend-2"
                style={
                  Object {
                    "width": 0.01,
                  }
                }
              >
                <span
                  dangerouslySetInnerHTML={
                    Object {
                      "__html": "&#8203;",
                    }
                  }
                />
              </legend>
            </fieldset>
          </div>
          <p
            className="MuiFormHelperText-root MuiFormHelperText-contained Mui-error Mui-required"
          >
            <span
              dangerouslySetInnerHTML={
                Object {
                  "__html": "&#8203;",
                }
              }
            />
          </p>
        </div>
      </div>
      <div
        className="container"
      >
        <p
          className="title"
        >
          End Time
          <span
            className="asterisk"
          >
             *
          </span>
        </p>
        <div
          className="MuiFormControl-root MuiTextField-root MuiFormControl-fullWidth"
        >
          <div
            className="MuiInputBase-root MuiOutlinedInput-root Mui-error Mui-error MuiInputBase-fullWidth MuiInputBase-formControl"
            onClick={[Function]}
          >
            <input
              aria-invalid={true}
              autoFocus={false}
              className="MuiInputBase-input MuiOutlinedInput-input"
              disabled={false}
              onAnimationStart={[Function]}
              onBlur={[Function]}
              onChange={[Function]}
              onFocus={[Function]}
              required={true}
              type="time"
              value=""
            />
            <fieldset
              aria-hidden={true}
              className="PrivateNotchedOutline-root-1 MuiOutlinedInput-notchedOutline"
              style={
                Object {
                  "paddingLeft": 8,
                }
              }
            >
              <legend
                className="PrivateNotchedOutline-legend-2"
                style={
                  Object {
                    "width": 0.01,
                  }
                }
              >
                <span
                  dangerouslySetInnerHTML={
                    Object {
                      "__html": "&#8203;",
                    }
                  }
                />
              </legend>
            </fieldset>
          </div>
        </div>
      </div>
    </div>
    <div
      className="inputContainer"
    >
      <div
        className="MuiFormControl-root"
      >
        <label
          className="MuiFormLabel-root Mui-error Mui-required"
        >
          Select GPUs
          <span
            aria-hidden={true}
            className="MuiFormLabel-asterisk Mui-error"
          >
            â€‰
            *
          </span>
        </label>
        <div
          className="MuiFormGroup-root MuiFormGroup-row"
        >
          <label
            className="MuiFormControlLabel-root"
          >
            <span
              aria-disabled={false}
              className="MuiButtonBase-root MuiIconButton-root PrivateSwitchBase-root-5 MuiCheckbox-root MuiCheckbox-colorSecondary MuiIconButton-colorSecondary"
              onBlur={[Function]}
              onClick={[Function]}
              onDragLeave={[Function]}
              onFocus={[Function]}
              onKeyDown={[Function]}
              onKeyUp={[Function]}
              onMouseDown={[Function]}
              onMouseLeave={[Function]}
              onMouseUp={[Function]}
              onTouchEnd={[Function]}
              onTouchMove={[Function]}
              onTouchStart={[Function]}
              tabIndex={null}
            >
              <span
                className="MuiIconButton-label"
              >
                <input
                  checked={false}
                  className="PrivateSwitchBase-input-8"
                  data-indeterminate={false}
                  disabled={false}
                  onChange={[Function]}
                  type="checkbox"
                />
                <svg
                  aria-hidden={true}
                  className="MuiSvgIcon-root"
                  focusable="false"
                  viewBox="0 0 24 24"
                >
                  <path
                    d="M19 5v14H5V5h14m0-2H5c-1.1 0-2 .9-2 2v14c0 1.1.9 2 2 2h14c1.1 0 2-.9 2-2V5c0-1.1-.9-2-2-2z"
                  />
                </svg>
              </span>
            </span>
            <span
              className="MuiTypography-root MuiFormControlLabel-label MuiTypography-body1"
            >
              GPU 0
            </span>
          </label>
          <label
            className="MuiFormControlLabel-root"
          >
            <span
              aria-disabled={false}
              className="MuiButtonBase-root MuiIconButton-root PrivateSwitchBase-root-5 MuiCheckbox-root MuiCheckbox-colorSecondary MuiIconButton-colorSecondary"
              onBlur={[Function]}
              onClick={[Function]}
              onDragLeave={[Function]}
              onFocus={[Function]}
              onKeyDown={[Function]}
              onKeyUp={[Function]}
              onMouseDown={[Function]}
              onMouseLeave={[Function]}
              onMouseUp={[Function]}
              onTouchEnd={[Function]}
              onTouchMove={[Function]}
              onTouchStart={[Function]}
              tabIndex={null}
            >
              <span
                className="MuiIconButton-label"
              >
                <input
                  checked={false}
                  className="PrivateSwitchBase-input-8"
                  data-indeterminate={false}
                  disabled={false}
                  onChange={[Function]}
                  type="checkbox"
                />
                <svg
                  aria-hidden={true}
                  className="MuiSvgIcon-root"
                  focusable="false"
                  viewBox="0 0 24 24"
                >
                  <path
                    d="M19 5v14H5V5h14m0-2H5c-1.1 0-2 .9-2 2v14c0 1.1.9 2 2 2h14c1.1 0 2-.9 2-2V5c0-1.1-.9-2-2-2z"
                  />
                </svg>
              </span>
            </span>
            <span
              className="MuiTypography-root MuiFormControlLabel-label MuiTypography-body1"
            >
              GPU 1
            </span>
          </label>
          <label
            className="MuiFormControlLabel-root"
          >
            <span
              aria-disabled={false}
              className="MuiButtonBase-root MuiIconButton-root PrivateSwitchBase-root-5 MuiCheckbox-root MuiCheckbox-colorSecondary MuiIconButton-colorSecondary"
              onBlur={[Function]}
              onClick={[Function]}
              onDragLeave={[Function]}
              onFocus={[Function]}
              onKeyDown={[Function]}
              onKeyUp={[Function]}
              onMouseDown={[Function]}
              onMouseLeave={[Function]}
              onMouseUp={[Function]}
              onTouchEnd={[Function]}
              onTouchMove={[Function]}
              onTouchStart={[Function]}
              tabIndex={null}
            >
              <span
                className="MuiIconButton-label"
              >
                <input
                  checked={false}
                  className="PrivateSwitchBase-input-8"
                  data-indeterminate={false}
                  disabled={false}
                  onChange={[Function]}
                  type="checkbox"
                />
                <svg
                  aria-hidden={true}
                  className="MuiSvgIcon-root"
                  focusable="false"
                  viewBox="0 0 24 24"
                >
                  <path
                    d="M19 5v14H5V5h14m0-2H5c-1.1 0-2 .9-2 2v14c0 1.1.9 2 2 2h14c1.1 0 2-.9 2-2V5c0-1.1-.9-2-2-2z"
                  />
                </svg>
              </span>
            </span>
            <span
              className="MuiTypography-root MuiFormControlLabel-label MuiTypography-body1"
            >
              GPU 2
            </span>
          </label>
          <label
            className="MuiFormControlLabel-root"
          >
            <span
              aria-disabled={false}
              className="MuiButtonBase-root MuiIconButton-root PrivateSwitchBase-root-5 MuiCheckbox-root MuiCheckbox-colorSecondary MuiIconButton-colorSecondary"
              onBlur={[Function]}
              onClick={[Function]}
              onDragLeave={[Function]}
              onFocus={[Function]}
              onKeyDown={[Function]}
              onKeyUp={[Function]}
              onMouseDown={[Function]}
              onMouseLeave={[Function]}
              onMouseUp={[Function]}
              onTouchEnd={[Function]}
              onTouchMove={[Function]}
              onTouchStart={[Function]}
              tabIndex={null}
            >
              <span
                className="MuiIconButton-label"
              >
                <input
                  checked={false}
                  className="PrivateSwitchBase-input-8"
                  data-indeterminate={false}
                  disabled={false}
                  onChange={[Function]}
                  type="checkbox"
                />
                <svg
                  aria-hidden={true}
                  className="MuiSvgIcon-root"
                  focusable="false"
                  viewBox="0 0 24 24"
                >
                  <path
                    d="M19 5v14H5V5h14m0-2H5c-1.1 0-2 .9-2 2v14c0 1.1.9 2 2 2h14c1.1 0 2-.9 2-2V5c0-1.1-.9-2-2-2z"
                  />
                </svg>
              </span>
            </span>
            <span
              className="MuiTypography-root MuiFormControlLabel-label MuiTypography-body1"
            >
              GPU 3
            </span>
          </label>
          <label
            className="MuiFormControlLabel-root"
          >
            <span
              aria-disabled={false}
              className="MuiButtonBase-root MuiIconButton-root PrivateSwitchBase-root-5 MuiCheckbox-root MuiCheckbox-colorSecondary MuiIconButton-colorSecondary"
              onBlur={[Function]}
              onClick={[Function]}
              onDragLeave={[Function]}
              onFocus={[Function]}
              onKeyDown={[Function]}
              onKeyUp={[Function]}
              onMouseDown={[Function]}
              onMouseLeave={[Function]}
              onMouseUp={[Function]}
              onTouchEnd={[Function]}
              onTouchMove={[Function]}
              onTouchStart={[Function]}
              tabIndex={null}
            >
              <span
                className="MuiIconButton-label"
              >
                <input
                  checked={false}
                  className="PrivateSwitchBase-input-8"
                  data-indeterminate={false}
                  disabled={false}
                  onChange={[Function]}
                  type="checkbox"
                />
                <svg
                  aria-hidden={true}
                  className="MuiSvgIcon-root"
                  focusable="false"
                  viewBox="0 0 24 24"
                >
                  <path
                    d="M19 5v14H5V5h14m0-2H5c-1.1 0-2 .9-2 2v14c0 1.1.9 2 2 2h14c1.1 0 2-.9 2-2V5c0-1.1-.9-2-2-2z"
                  />
                </svg>
              </span>
            </span>
            <span
              className="MuiTypography-root MuiFormControlLabel-label MuiTypography-body1"
            >
              GPU 4
            </span>
          </label>
        </div>
        <p
          className="MuiFormHelperText-root Mui-error Mui-required"
        >
          Select at least 1 GPU
        </p>
      </div>
    </div>
  </form>,
  <hr
    className="MuiDivider-root divider"
  />,
  <div
    className="gantt"
  />,
  <hr
    className="MuiDivider-root divider"
  />,
]
`;
