// Jest Snapshot v1, https://goo.gl/fbAQLP

exports[`Styled Table renders properly 1`] = `
<div
  className="MuiPaper-root MuiPaper-elevation MuiPaper-rounded MuiPaper-elevation1 MuiTableContainer-root css-11xur9t-MuiPaper-root-MuiTableContainer-root"
>
  <table
    className="MuiTable-root table css-rqglhn-MuiTable-root"
    role={null}
  >
    <thead
      className="MuiTableHead-root css-15wwp11-MuiTableHead-root"
      role={null}
    >
      <tr
        className="MuiTableRow-root MuiTableRow-head css-1q1u3t4-MuiTableRow-root"
        role={null}
      >
        <th
          aria-sort={null}
          className="MuiTableCell-root MuiTableCell-head MuiTableCell-sizeMedium headerCell css-1ygcj2i-MuiTableCell-root"
          scope="col"
        >
          test
        </th>
      </tr>
    </thead>
    <tbody
      className="MuiTableBody-root css-apqrd9-MuiTableBody-root"
      role={null}
    />
  </table>
</div>
`;
