// Jest Snapshot v1, https://goo.gl/fbAQLP

exports[`Blurred Image Background renders properly 1`] = `
<div
  className="bgImg"
/>
`;
