// Jest Snapshot v1, https://goo.gl/fbAQLP

exports[`Gradient Background renders properly 1`] = `
<div
  className="heroPattern"
>
  <div
    className="container"
  />
</div>
`;
