// Jest Snapshot v1, https://goo.gl/fbAQLP

exports[`New Booking page renders properly 1`] = `
Array [
  <div
    className="fillTopbarSpace"
  >
    <div
      className="navbar"
    >
      <div
        className="patternBgLayer"
      >
        <div
          className="bgLayer"
        >
          <a
            href="/"
            onClick={[Function]}
          >
            <img
              alt="University of Auckland"
              className="uoaLogo"
              src="uoaLogo.svg"
            />
            <div
              className="spacer"
            />
            <div
              className="title"
            >
              HASEL Lab
            </div>
          </a>
          <div
            className="pushSpacer"
          />
          <div
            className="horizontalNavLinks"
          >
            <div
              className="linksWrapper"
            >
              <button
                className="MuiButtonBase-root MuiButton-root MuiButton-text wrapper"
                disabled={false}
                onBlur={[Function]}
                onDragLeave={[Function]}
                onFocus={[Function]}
                onKeyDown={[Function]}
                onKeyUp={[Function]}
                onMouseDown={[Function]}
                onMouseLeave={[Function]}
                onMouseUp={[Function]}
                onTouchEnd={[Function]}
                onTouchMove={[Function]}
                onTouchStart={[Function]}
                tabIndex={0}
                type="button"
              >
                <span
                  className="MuiButton-label"
                >
                  <a
                    href="/user"
                    onClick={[Function]}
                  >
                    <img
                      alt="My Account"
                      className="navIcon"
                      src="id.svg"
                    />
                    <div
                      className="spacer"
                    />
                    <div
                      className="title"
                    >
                      My Account
                    </div>
                  </a>
                </span>
              </button>
            </div>
          </div>
          <div
            className="drawerWrapper"
            onClick={[Function]}
            onTouchEnd={[Function]}
          >
            <button
              className="MuiButtonBase-root MuiIconButton-root drawerButton"
              disabled={false}
              onBlur={[Function]}
              onClick={[Function]}
              onDragLeave={[Function]}
              onFocus={[Function]}
              onKeyDown={[Function]}
              onKeyUp={[Function]}
              onMouseDown={[Function]}
              onMouseLeave={[Function]}
              onMouseUp={[Function]}
              onTouchEnd={[Function]}
              onTouchMove={[Function]}
              onTouchStart={[Function]}
              tabIndex={0}
              type="button"
            >
              <span
                className="MuiIconButton-label"
              >
                <svg
                  aria-hidden={true}
                  className="MuiSvgIcon-root"
                  focusable="false"
                  viewBox="0 0 24 24"
                >
                  <path
                    d="M2 15.5v2h20v-2H2zm0-5v2h20v-2H2zm0-5v2h20v-2H2z"
                  />
                </svg>
              </span>
            </button>
            <div
              className="MuiDrawer-root MuiDrawer-docked drawer"
            >
              <div
                className="MuiPaper-root MuiDrawer-paper MuiDrawer-paperAnchorRight MuiDrawer-paperAnchorDockedRight MuiPaper-elevation0"
                style={
                  Object {
                    "visibility": "hidden",
                  }
                }
              >
                <div
                  className="drawerPatternBg"
                >
                  <div
                    className="drawer"
                  >
                    <div>
                      <button
                        className="MuiButtonBase-root MuiIconButton-root drawerButton"
                        disabled={false}
                        onBlur={[Function]}
                        onClick={[Function]}
                        onDragLeave={[Function]}
                        onFocus={[Function]}
                        onKeyDown={[Function]}
                        onKeyUp={[Function]}
                        onMouseDown={[Function]}
                        onMouseLeave={[Function]}
                        onMouseUp={[Function]}
                        onTouchEnd={[Function]}
                        onTouchMove={[Function]}
                        onTouchStart={[Function]}
                        tabIndex={0}
                        type="button"
                      >
                        <span
                          className="MuiIconButton-label"
                        >
                          <svg
                            aria-hidden={true}
                            className="MuiSvgIcon-root"
                            focusable="false"
                            viewBox="0 0 24 24"
                          >
                            <path
                              d="M19 6.41L17.59 5 12 10.59 6.41 5 5 6.41 10.59 12 5 17.59 6.41 19 12 13.41 17.59 19 19 17.59 13.41 12z"
                            />
                          </svg>
                        </span>
                      </button>
                    </div>
                    <div
                      className="linksWrapper"
                    >
                      <button
                        className="MuiButtonBase-root MuiButton-root MuiButton-text wrapper"
                        disabled={false}
                        onBlur={[Function]}
                        onDragLeave={[Function]}
                        onFocus={[Function]}
                        onKeyDown={[Function]}
                        onKeyUp={[Function]}
                        onMouseDown={[Function]}
                        onMouseLeave={[Function]}
                        onMouseUp={[Function]}
                        onTouchEnd={[Function]}
                        onTouchMove={[Function]}
                        onTouchStart={[Function]}
                        tabIndex={0}
                        type="button"
                      >
                        <span
                          className="MuiButton-label"
                        >
                          <a
                            href="/user"
                            onClick={[Function]}
                          >
                            <img
                              alt="My Account"
                              className="navIcon"
                              src="id.svg"
                            />
                            <div
                              className="spacer"
                            />
                            <div
                              className="title"
                            >
                              My Account
                            </div>
                          </a>
                        </span>
                      </button>
                    </div>
                  </div>
                </div>
              </div>
            </div>
          </div>
        </div>
      </div>
    </div>
  </div>,
  <div
    className="content"
  >
    <h2
      className="header"
    >
      Create Booking - 
      ZEUS
    </h2>
    <form
      autoComplete="off"
      className="form"
      id="booking-form"
      onSubmit={[Function]}
    >
      <div
        className="inputContainer"
      >
        <div
          className="container"
        >
          <p
            className="title"
          >
            Start Date
            <span
              className="asterisk"
            >
               *
            </span>
          </p>
          <div
            className="MuiFormControl-root MuiTextField-root MuiFormControl-fullWidth"
          >
            <div
              className="MuiInputBase-root MuiOutlinedInput-root MuiInputBase-fullWidth MuiInputBase-formControl"
              onClick={[Function]}
            >
              <input
                aria-invalid={false}
                autoFocus={false}
                className="MuiInputBase-input MuiOutlinedInput-input"
                disabled={false}
                onAnimationStart={[Function]}
                onBlur={[Function]}
                onChange={[Function]}
                onFocus={[Function]}
                required={true}
                type="date"
              />
              <fieldset
                aria-hidden={true}
                className="PrivateNotchedOutline-root-1 MuiOutlinedInput-notchedOutline"
                style={
                  Object {
                    "paddingLeft": 8,
                  }
                }
              >
                <legend
                  className="PrivateNotchedOutline-legend-2"
                  style={
                    Object {
                      "width": 0.01,
                    }
                  }
                >
                  <span
                    dangerouslySetInnerHTML={
                      Object {
                        "__html": "&#8203;",
                      }
                    }
                  />
                </legend>
              </fieldset>
            </div>
          </div>
        </div>
        <div
          className="container"
        >
          <p
            className="title"
          >
            Start Time
            <span
              className="asterisk"
            >
               *
            </span>
          </p>
          <div
            className="MuiFormControl-root MuiTextField-root MuiFormControl-fullWidth"
          >
            <div
              className="MuiInputBase-root MuiOutlinedInput-root MuiInputBase-fullWidth MuiInputBase-formControl"
              onClick={[Function]}
            >
              <input
                aria-invalid={false}
                autoFocus={false}
                className="MuiInputBase-input MuiOutlinedInput-input"
                disabled={false}
                onAnimationStart={[Function]}
                onBlur={[Function]}
                onChange={[Function]}
                onFocus={[Function]}
                required={true}
                type="time"
              />
              <fieldset
                aria-hidden={true}
                className="PrivateNotchedOutline-root-1 MuiOutlinedInput-notchedOutline"
                style={
                  Object {
                    "paddingLeft": 8,
                  }
                }
              >
                <legend
                  className="PrivateNotchedOutline-legend-2"
                  style={
                    Object {
                      "width": 0.01,
                    }
                  }
                >
                  <span
                    dangerouslySetInnerHTML={
                      Object {
                        "__html": "&#8203;",
                      }
                    }
                  />
                </legend>
              </fieldset>
            </div>
          </div>
        </div>
      </div>
      <div
        className="inputContainer"
      >
        <div
          className="container"
        >
          <p
            className="title"
          >
            End Date
            <span
              className="asterisk"
            >
               *
            </span>
          </p>
          <div
            className="MuiFormControl-root MuiTextField-root MuiFormControl-fullWidth"
          >
            <div
              className="MuiInputBase-root MuiOutlinedInput-root MuiInputBase-fullWidth MuiInputBase-formControl"
              onClick={[Function]}
            >
              <input
                aria-invalid={false}
                autoFocus={false}
                className="MuiInputBase-input MuiOutlinedInput-input"
                disabled={false}
                onAnimationStart={[Function]}
                onBlur={[Function]}
                onChange={[Function]}
                onFocus={[Function]}
                required={true}
                type="date"
              />
              <fieldset
                aria-hidden={true}
                className="PrivateNotchedOutline-root-1 MuiOutlinedInput-notchedOutline"
                style={
                  Object {
                    "paddingLeft": 8,
                  }
                }
              >
                <legend
                  className="PrivateNotchedOutline-legend-2"
                  style={
                    Object {
                      "width": 0.01,
                    }
                  }
                >
                  <span
                    dangerouslySetInnerHTML={
                      Object {
                        "__html": "&#8203;",
                      }
                    }
                  />
                </legend>
              </fieldset>
            </div>
          </div>
        </div>
        <div
          className="container"
        >
          <p
            className="title"
          >
            End Time
            <span
              className="asterisk"
            >
               *
            </span>
          </p>
          <div
            className="MuiFormControl-root MuiTextField-root MuiFormControl-fullWidth"
          >
            <div
              className="MuiInputBase-root MuiOutlinedInput-root MuiInputBase-fullWidth MuiInputBase-formControl"
              onClick={[Function]}
            >
              <input
                aria-invalid={false}
                autoFocus={false}
                className="MuiInputBase-input MuiOutlinedInput-input"
                disabled={false}
                onAnimationStart={[Function]}
                onBlur={[Function]}
                onChange={[Function]}
                onFocus={[Function]}
                required={true}
                type="time"
              />
              <fieldset
                aria-hidden={true}
                className="PrivateNotchedOutline-root-1 MuiOutlinedInput-notchedOutline"
                style={
                  Object {
                    "paddingLeft": 8,
                  }
                }
              >
                <legend
                  className="PrivateNotchedOutline-legend-2"
                  style={
                    Object {
                      "width": 0.01,
                    }
                  }
                >
                  <span
                    dangerouslySetInnerHTML={
                      Object {
                        "__html": "&#8203;",
                      }
                    }
                  />
                </legend>
              </fieldset>
            </div>
          </div>
        </div>
      </div>
      <div
        className="inputContainer"
      >
        <div
          className="MuiFormControl-root"
        >
          <label
            className="MuiFormLabel-root"
          >
            Select GPUs
          </label>
          <div
            className="MuiFormGroup-root MuiFormGroup-row"
          >
            <label
              className="MuiFormControlLabel-root"
            >
              <span
                aria-disabled={false}
                className="MuiButtonBase-root MuiIconButton-root PrivateSwitchBase-root-5 MuiCheckbox-root MuiCheckbox-colorSecondary MuiIconButton-colorSecondary"
                onBlur={[Function]}
                onDragLeave={[Function]}
                onFocus={[Function]}
                onKeyDown={[Function]}
                onKeyUp={[Function]}
                onMouseDown={[Function]}
                onMouseLeave={[Function]}
                onMouseUp={[Function]}
                onTouchEnd={[Function]}
                onTouchMove={[Function]}
                onTouchStart={[Function]}
                tabIndex={null}
              >
                <span
                  className="MuiIconButton-label"
                >
                  <input
                    className="PrivateSwitchBase-input-8"
                    data-indeterminate={false}
                    disabled={false}
                    onChange={[Function]}
                    type="checkbox"
                  />
                  <svg
                    aria-hidden={true}
                    className="MuiSvgIcon-root"
                    focusable="false"
                    viewBox="0 0 24 24"
                  >
                    <path
                      d="M19 5v14H5V5h14m0-2H5c-1.1 0-2 .9-2 2v14c0 1.1.9 2 2 2h14c1.1 0 2-.9 2-2V5c0-1.1-.9-2-2-2z"
                    />
                  </svg>
                </span>
              </span>
              <span
                className="MuiTypography-root MuiFormControlLabel-label MuiTypography-body1"
              >
                GPU 0
              </span>
            </label>
            <label
              className="MuiFormControlLabel-root"
            >
              <span
                aria-disabled={false}
                className="MuiButtonBase-root MuiIconButton-root PrivateSwitchBase-root-5 MuiCheckbox-root MuiCheckbox-colorSecondary MuiIconButton-colorSecondary"
                onBlur={[Function]}
                onDragLeave={[Function]}
                onFocus={[Function]}
                onKeyDown={[Function]}
                onKeyUp={[Function]}
                onMouseDown={[Function]}
                onMouseLeave={[Function]}
                onMouseUp={[Function]}
                onTouchEnd={[Function]}
                onTouchMove={[Function]}
                onTouchStart={[Function]}
                tabIndex={null}
              >
                <span
                  className="MuiIconButton-label"
                >
                  <input
                    className="PrivateSwitchBase-input-8"
                    data-indeterminate={false}
                    disabled={false}
                    onChange={[Function]}
                    type="checkbox"
                  />
                  <svg
                    aria-hidden={true}
                    className="MuiSvgIcon-root"
                    focusable="false"
                    viewBox="0 0 24 24"
                  >
                    <path
                      d="M19 5v14H5V5h14m0-2H5c-1.1 0-2 .9-2 2v14c0 1.1.9 2 2 2h14c1.1 0 2-.9 2-2V5c0-1.1-.9-2-2-2z"
                    />
                  </svg>
                </span>
              </span>
              <span
                className="MuiTypography-root MuiFormControlLabel-label MuiTypography-body1"
              >
                GPU 1
              </span>
            </label>
            <label
              className="MuiFormControlLabel-root"
            >
              <span
                aria-disabled={false}
                className="MuiButtonBase-root MuiIconButton-root PrivateSwitchBase-root-5 MuiCheckbox-root MuiCheckbox-colorSecondary MuiIconButton-colorSecondary"
                onBlur={[Function]}
                onDragLeave={[Function]}
                onFocus={[Function]}
                onKeyDown={[Function]}
                onKeyUp={[Function]}
                onMouseDown={[Function]}
                onMouseLeave={[Function]}
                onMouseUp={[Function]}
                onTouchEnd={[Function]}
                onTouchMove={[Function]}
                onTouchStart={[Function]}
                tabIndex={null}
              >
                <span
                  className="MuiIconButton-label"
                >
                  <input
                    className="PrivateSwitchBase-input-8"
                    data-indeterminate={false}
                    disabled={false}
                    onChange={[Function]}
                    type="checkbox"
                  />
                  <svg
                    aria-hidden={true}
                    className="MuiSvgIcon-root"
                    focusable="false"
                    viewBox="0 0 24 24"
                  >
                    <path
                      d="M19 5v14H5V5h14m0-2H5c-1.1 0-2 .9-2 2v14c0 1.1.9 2 2 2h14c1.1 0 2-.9 2-2V5c0-1.1-.9-2-2-2z"
                    />
                  </svg>
                </span>
              </span>
              <span
                className="MuiTypography-root MuiFormControlLabel-label MuiTypography-body1"
              >
                GPU 2
              </span>
            </label>
          </div>
        </div>
      </div>
    </form>
    <hr
      className="MuiDivider-root divider"
    />
    <div
      className="chartContainer"
    >
      CHART PLACEHOLDER
    </div>
    <hr
      className="MuiDivider-root divider"
    />
    <div
      className="buttonContainer"
    >
      <button
        className="MuiButtonBase-root MuiButton-root MuiButton-contained button green"
        disabled={false}
        form="booking-form"
        onBlur={[Function]}
        onDragLeave={[Function]}
        onFocus={[Function]}
        onKeyDown={[Function]}
        onKeyUp={[Function]}
        onMouseDown={[Function]}
        onMouseLeave={[Function]}
        onMouseUp={[Function]}
        onTouchEnd={[Function]}
        onTouchMove={[Function]}
        onTouchStart={[Function]}
        tabIndex={0}
        type="submit"
      >
        <span
          className="MuiButton-label"
        >
          <span
            className="MuiButton-startIcon MuiButton-iconSizeMedium"
          >
            <span
              aria-hidden={true}
              className="material-icons MuiIcon-root"
            >
              done
            </span>
          </span>
          Confirm
        </span>
      </button>
    </div>
  </div>,
]
`;
